#
# There is insufficient memory for the Java Runtime Environment to continue.
# Native memory allocation (malloc) failed to allocate 1134896 bytes. Error detail: Chunk::new
# Possible reasons:
#   The system is out of physical RAM or swap space
#   This process is running with CompressedOops enabled, and the Java Heap may be blocking the growth of the native heap
# Possible solutions:
#   Reduce memory load on the system
#   Increase physical memory or swap space
#   Check if swap backing store is full
#   Decrease Java heap size (-Xmx/-Xms)
#   Decrease number of Java threads
#   Decrease Java thread stack sizes (-Xss)
#   Set larger code cache with -XX:ReservedCodeCacheSize=
#   JVM is running with Unscaled Compressed Oops mode in which the Java heap is
#     placed in the first 4GB address space. The Java Heap base address is the
#     maximum limit for the native heap growth. Please use -XX:HeapBaseMinAddress
#     to set the Java Heap base and to place the Java Heap above 4GB virtual address.
# This output file may be truncated or incomplete.
#
#  Out of Memory Error (arena.cpp:168), pid=20416, tid=27080
#
# JRE version: OpenJDK Runtime Environment Temurin-21.0.12.1+1 (21.0.12.1+1) (build 21.0.12.1+1-LTS)
# Java VM: OpenJDK 64-Bit Server VM Temurin-21.0.12.1+1 (21.0.12.1+1-LTS, mixed mode, sharing, tiered, compressed oops, compressed class ptrs, parallel gc, windows-amd64)
# No core dump will be written. Minidumps are not enabled by default on client versions of Windows
#

---------------  S U M M A R Y ------------

Command Line: --add-modules=ALL-SYSTEM --add-opens=java.base/java.util=ALL-UNNAMED --add-opens=java.base/java.lang=ALL-UNNAMED --add-opens=java.base/sun.nio.fs=ALL-UNNAMED -Declipse.application=org.eclipse.jdt.ls.core.id1 -Dosgi.bundles.defaultStartLevel=4 -Declipse.product=org.eclipse.jdt.ls.core.product -Djava.import.generatesMetadataFilesAtProjectRoot=false -Dm2e.project.cache.size=50 -DDetectVMInstallationsJob.disabled=true -Dfile.encoding=utf8 -XX:+UseParallelGC -XX:GCTimeRatio=4 -XX:AdaptiveSizePolicyWeight=90 -Dsun.zip.disableMemoryMapping=true -Xmx2G -Xms100m -Xlog:disable -javaagent:c:\Users\tortu\.vscode\extensions\redhat.java-1.56.0-win32-x64\lombok\lombok-1.18.39-4050.jar c:\Users\tortu\.vscode\extensions\redhat.java-1.56.0-win32-x64\server\plugins\org.eclipse.equinox.launcher_1.8.0.v20260804-1928.jar -configuration c:\Users\tortu\AppData\Roaming\Code\User\globalStorage\redhat.java\1.56.0\config_ss_win -data c:\Users\tortu\AppData\Roaming\Code\User\workspaceStorage\2f1beec08923082be5afbbd388ed2aa8\redhat.java\ss_ws --pipe=\\.\pipe\lsp-35f00ad415cd58d89a8769b9eb86fb7f-sock

Host: 13th Gen Intel(R) Core(TM) i7-13700H, 20 cores, 13G,  Windows 11 , 64 bit Build 26100 (10.0.26100.9168)
Time: Thu Sep 10 08:19:04 2026 FLE Daylight Time elapsed time: 8.101436 seconds (0d 0h 0m 8s)

---------------  T H R E A D  ---------------

Current thread (0x000001aeda60e0b0):  JavaThread "C2 CompilerThread0" daemon [_thread_in_native, id=27080, stack(0x0000001254300000,0x0000001254400000) (1024K)]


Current CompileTask:
C2:8101 2877       4       org.lombokweb.asm.ClassReader::readMethod (1070 bytes)

Stack: [0x0000001254300000,0x0000001254400000]
Native frames: (J=compiled Java code, j=interpreted, Vv=VM code, C=native code)
V  [jvm.dll+0x6d83e9]
V  [jvm.dll+0x8b5736]
V  [jvm.dll+0x8b7cee]
V  [jvm.dll+0x8b83d3]
V  [jvm.dll+0x284596]
V  [jvm.dll+0xc685d]
V  [jvm.dll+0xc6da1]
V  [jvm.dll+0x3bf151]
V  [jvm.dll+0x38b6d2]
V  [jvm.dll+0x38ab1a]
V  [jvm.dll+0x24c700]
V  [jvm.dll+0x24bce0]
V  [jvm.dll+0x1cb4ae]
V  [jvm.dll+0x25baad]
V  [jvm.dll+0x25a03a]
V  [jvm.dll+0x3f8aae]
V  [jvm.dll+0x8600cd]
V  [jvm.dll+0x6d6c1d]
C  [ucrtbase.dll+0x2cd30]
C  [KERNEL32.DLL+0x2ccb7]
C  [ntdll.dll+0xaad6c]


---------------  P R O C E S S  ---------------

Threads class SMR info:
_java_thread_list=0x000001aee1446290, length=23, elements={
0x000001aeffe1d780, 0x000001aeda5fa3e0, 0x000001ae97dfce80, 0x000001aeda5fdaa0,
0x000001aeda600640, 0x000001aeda604c90, 0x000001aeda6089a0, 0x000001aeda60e0b0,
0x000001aeda64b520, 0x000001aeda775910, 0x000001aeda775fd0, 0x000001aeda83b010,
0x000001aeda8c0400, 0x000001aedc83b6e0, 0x000001aee1145840, 0x000001aee133bab0,
0x000001aee1368330, 0x000001aee12088d0, 0x000001aee1440040, 0x000001aee1431830,
0x000001aee142b2a0, 0x000001aee142b930, 0x000001aee142bfc0
}

Java Threads: ( => current thread )
  0x000001aeffe1d780 JavaThread "main"                              [_thread_blocked, id=32640, stack(0x0000001253900000,0x0000001253a00000) (1024K)]
  0x000001aeda5fa3e0 JavaThread "Reference Handler"          daemon [_thread_blocked, id=36304, stack(0x0000001253d00000,0x0000001253e00000) (1024K)]
  0x000001ae97dfce80 JavaThread "Finalizer"                  daemon [_thread_blocked, id=4580, stack(0x0000001253e00000,0x0000001253f00000) (1024K)]
  0x000001aeda5fdaa0 JavaThread "Signal Dispatcher"          daemon [_thread_blocked, id=18216, stack(0x0000001253f00000,0x0000001254000000) (1024K)]
  0x000001aeda600640 JavaThread "Attach Listener"            daemon [_thread_blocked, id=14944, stack(0x0000001254000000,0x0000001254100000) (1024K)]
  0x000001aeda604c90 JavaThread "Service Thread"             daemon [_thread_blocked, id=21048, stack(0x0000001254100000,0x0000001254200000) (1024K)]
  0x000001aeda6089a0 JavaThread "Monitor Deflation Thread"   daemon [_thread_blocked, id=8144, stack(0x0000001254200000,0x0000001254300000) (1024K)]
=>0x000001aeda60e0b0 JavaThread "C2 CompilerThread0"         daemon [_thread_in_native, id=27080, stack(0x0000001254300000,0x0000001254400000) (1024K)]
  0x000001aeda64b520 JavaThread "C1 CompilerThread0"         daemon [_thread_blocked, id=6096, stack(0x0000001254400000,0x0000001254500000) (1024K)]
  0x000001aeda775910 JavaThread "C1 CompilerThread1"         daemon [_thread_blocked, id=15448, stack(0x0000001254500000,0x0000001254600000) (1024K)]
  0x000001aeda775fd0 JavaThread "C1 CompilerThread2"         daemon [_thread_blocked, id=22304, stack(0x0000001254600000,0x0000001254700000) (1024K)]
  0x000001aeda83b010 JavaThread "Common-Cleaner"             daemon [_thread_blocked, id=28436, stack(0x0000001254700000,0x0000001254800000) (1024K)]
  0x000001aeda8c0400 JavaThread "Notification Thread"        daemon [_thread_blocked, id=14344, stack(0x0000001254800000,0x0000001254900000) (1024K)]
  0x000001aedc83b6e0 JavaThread "Active Thread: Equinox Container: f83ea408-2aad-4c5b-ac3b-dc1717807145"        [_thread_blocked, id=34112, stack(0x0000001255000000,0x0000001255100000) (1024K)]
  0x000001aee1145840 JavaThread "Framework Event Dispatcher: Equinox Container: f83ea408-2aad-4c5b-ac3b-dc1717807145" daemon [_thread_blocked, id=19480, stack(0x0000001255100000,0x0000001255200000) (1024K)]
  0x000001aee133bab0 JavaThread "Start Level: Equinox Container: f83ea408-2aad-4c5b-ac3b-dc1717807145" daemon [_thread_in_vm, id=25768, stack(0x0000001255300000,0x0000001255400000) (1024K)]
  0x000001aee1368330 JavaThread "SCR Component Actor"        daemon [_thread_blocked, id=32036, stack(0x0000001255400000,0x0000001255500000) (1024K)]
  0x000001aee12088d0 JavaThread "Worker-JM"                         [_thread_blocked, id=44840, stack(0x0000001254900000,0x0000001254a00000) (1024K)]
  0x000001aee1440040 JavaThread "JNA Cleaner"                daemon [_thread_blocked, id=28312, stack(0x0000001255700000,0x0000001255800000) (1024K)]
  0x000001aee1431830 JavaThread "Worker-0"                          [_thread_blocked, id=3684, stack(0x0000001255800000,0x0000001255900000) (1024K)]
  0x000001aee142b2a0 JavaThread "Worker-1"                          [_thread_blocked, id=17660, stack(0x0000001255900000,0x0000001255a00000) (1024K)]
  0x000001aee142b930 JavaThread "Worker-2"                          [_thread_blocked, id=37536, stack(0x0000001255e00000,0x0000001255f00000) (1024K)]
  0x000001aee142bfc0 JavaThread "Worker-3"                          [_thread_blocked, id=21856, stack(0x0000001255f00000,0x0000001256000000) (1024K)]
Total: 23

Other Threads:
  0x000001aeffede7b0 VMThread "VM Thread"                           [id=13396, stack(0x0000001253c00000,0x0000001253d00000) (1024K)]
  0x000001ae97cdca00 WatcherThread "VM Periodic Task Thread"        [id=21052, stack(0x0000001253b00000,0x0000001253c00000) (1024K)]
  0x000001aeffe3c5b0 WorkerThread "GC Thread#0"                     [id=3236, stack(0x0000001253a00000,0x0000001253b00000) (1024K)]
  0x000001aedc9bafd0 WorkerThread "GC Thread#1"                     [id=24116, stack(0x0000001254a00000,0x0000001254b00000) (1024K)]
  0x000001aedc9bc5f0 WorkerThread "GC Thread#2"                     [id=20776, stack(0x0000001254b00000,0x0000001254c00000) (1024K)]
  0x000001aedc9bc9a0 WorkerThread "GC Thread#3"                     [id=30092, stack(0x0000001254c00000,0x0000001254d00000) (1024K)]
  0x000001aedc9bb730 WorkerThread "GC Thread#4"                     [id=5564, stack(0x0000001254d00000,0x0000001254e00000) (1024K)]
  0x000001aedc9bb380 WorkerThread "GC Thread#5"                     [id=15584, stack(0x0000001254e00000,0x0000001254f00000) (1024K)]
  0x000001aedc9bbe90 WorkerThread "GC Thread#6"                     [id=29212, stack(0x0000001254f00000,0x0000001255000000) (1024K)]
  0x000001aedc9bc240 WorkerThread "GC Thread#7"                     [id=28816, stack(0x0000001255200000,0x0000001255300000) (1024K)]
  0x000001aedcaa32e0 WorkerThread "GC Thread#8"                     [id=30592, stack(0x0000001255500000,0x0000001255600000) (1024K)]
  0x000001aedcaa4550 WorkerThread "GC Thread#9"                     [id=33976, stack(0x0000001255600000,0x0000001255700000) (1024K)]
  0x000001aedcaa2f30 WorkerThread "GC Thread#10"                    [id=35400, stack(0x0000001255a00000,0x0000001255b00000) (1024K)]
  0x000001aedcaa3a40 WorkerThread "GC Thread#11"                    [id=17024, stack(0x0000001255b00000,0x0000001255c00000) (1024K)]
  0x000001aedcaa5b70 WorkerThread "GC Thread#12"                    [id=37236, stack(0x0000001255c00000,0x0000001255d00000) (1024K)]
  0x000001aedcaa5060 WorkerThread "GC Thread#13"                    [id=39148, stack(0x0000001255d00000,0x0000001255e00000) (1024K)]
  0x000001aedcaa3690 WorkerThread "GC Thread#14"                    [id=29968, stack(0x0000001256000000,0x0000001256100000) (1024K)]
Total: 17

Threads with active compile tasks:
C2 CompilerThread0  8154 2877       4       org.lombokweb.asm.ClassReader::readMethod (1070 bytes)
Total: 1

VM state: not at safepoint (normal execution)

VM Mutex/Monitor currently owned by a thread: None

Heap address: 0x0000000080000000, size: 2048 MB, Compressed Oops mode: 32-bit

CDS archive(s) mapped at: [0x000001ae98000000-0x000001ae98ba0000-0x000001ae98ba0000), size 12189696, SharedBaseAddress: 0x000001ae98000000, ArchiveRelocationMode: 1.
Compressed class space mapped at: 0x000001ae99000000-0x000001aed9000000, reserved size: 1073741824
Narrow klass base: 0x000001ae98000000, Narrow klass shift: 0, Narrow klass range: 0x100000000

GC Precious Log:
 CardTable entry size: 512
 CPUs: 20 total, 20 available
 Memory: 14076M
 Large Page Support: Disabled
 NUMA Support: Disabled
 Compressed Oops: Enabled (32-bit)
 Alignments: Space 512K, Generation 512K, Heap 2M
 Heap Min Capacity: 100M
 Heap Initial Capacity: 100M
 Heap Max Capacity: 2G
 Pre-touch: Disabled
 Parallel Workers: 15

Heap:
 PSYoungGen      total 29696K, used 10068K [0x00000000d5580000, 0x00000000d7780000, 0x0000000100000000)
  eden space 25088K, 40% used [0x00000000d5580000,0x00000000d5f55188,0x00000000d6e00000)
  from space 4608K, 0% used [0x00000000d7300000,0x00000000d7300000,0x00000000d7780000)
  to   space 4608K, 0% used [0x00000000d6e80000,0x00000000d6e80000,0x00000000d7300000)
 ParOldGen       total 68608K, used 8493K [0x0000000080000000, 0x0000000084300000, 0x00000000d5580000)
  object space 68608K, 12% used [0x0000000080000000,0x000000008084b588,0x0000000084300000)
 Metaspace       used 21922K, committed 22592K, reserved 1114112K
  class space    used 2154K, committed 2432K, reserved 1048576K

Card table byte_map: [0x000001aeff7c0000,0x000001aeffbd0000] _byte_map_base: 0x000001aeff3c0000

Marking Bits: (ParMarkBitMap*) 0x00007ffc0aeb44a0
 Begin Bits: [0x000001ae93800000, 0x000001ae95800000)
 End Bits:   [0x000001ae95800000, 0x000001ae97800000)

Polling page: 0x000001aeff2b0000

Metaspace:

Usage:
  Non-class:     19.31 MB used.
      Class:      2.10 MB used.
       Both:     21.41 MB used.

Virtual space:
  Non-class space:       64.00 MB reserved,      19.69 MB ( 31%) committed,  1 nodes.
      Class space:        1.00 GB reserved,       2.38 MB ( <1%) committed,  1 nodes.
             Both:        1.06 GB reserved,      22.06 MB (  2%) committed. 

Chunk freelists:
   Non-Class:  12.34 MB
       Class:  13.56 MB
        Both:  25.91 MB

MaxMetaspaceSize: unlimited
CompressedClassSpaceSize: 1.00 GB
Initial GC threshold: 21.00 MB
Current GC threshold: 35.00 MB
CDS: on
 - commit_granule_bytes: 65536.
 - commit_granule_words: 8192.
 - virtual_space_node_default_size: 8388608.
 - enlarge_chunks_in_place: 1.
 - use_allocation_guard: 0.


Internal statistics:

num_allocs_failed_limit: 3.
num_arena_births: 514.
num_arena_deaths: 14.
num_vsnodes_births: 2.
num_vsnodes_deaths: 0.
num_space_committed: 353.
num_space_uncommitted: 0.
num_chunks_returned_to_freelist: 17.
num_chunks_taken_from_freelist: 1351.
num_chunk_merges: 9.
num_chunk_splits: 874.
num_chunks_enlarged: 571.
num_inconsistent_stats: 0.

CodeHeap 'non-profiled nmethods': size=119168Kb used=1172Kb max_used=1172Kb free=117995Kb
 bounds [0x000001ae8c0f0000, 0x000001ae8c360000, 0x000001ae93550000]
CodeHeap 'profiled nmethods': size=119104Kb used=5714Kb max_used=5714Kb free=113389Kb
 bounds [0x000001ae84550000, 0x000001ae84af0000, 0x000001ae8b9a0000]
CodeHeap 'non-nmethods': size=7488Kb used=2445Kb max_used=2445Kb free=5042Kb
 bounds [0x000001ae8b9a0000, 0x000001ae8bc10000, 0x000001ae8c0f0000]
CodeCache: size=245760Kb, used=9331Kb, max_used=9331Kb, free=236426Kb
 total_blobs=3501, nmethods=2897, adapters=508, full_count=0
Compilation: enabled, stopped_count=0, restarted_count=0

Compilation events (20 events):
Event: 6.004 Thread 0x000001aeda775910 2896       3       java.util.regex.Matcher::group (65 bytes)
Event: 6.004 Thread 0x000001aeda775fd0 2897       3       java.util.regex.Matcher::checkGroup (41 bytes)
Event: 6.004 Thread 0x000001aeda64b520 2898       3       java.util.regex.Matcher::groupCount (10 bytes)
Event: 6.004 Thread 0x000001aeda64b520 nmethod 2898 0x000001ae84ae1910 code [0x000001ae84ae1aa0, 0x000001ae84ae1bb8]
Event: 6.004 Thread 0x000001aeda64b520 2899       3       java.util.regex.Matcher::getSubSequence (12 bytes)
Event: 6.004 Thread 0x000001aeda64b520 nmethod 2899 0x000001ae84ae1c90 code [0x000001ae84ae1e40, 0x000001ae84ae2018]
Event: 6.004 Thread 0x000001aeda775fd0 nmethod 2897 0x000001ae84ae2110 code [0x000001ae84ae2340, 0x000001ae84ae29c8]
Event: 6.005 Thread 0x000001aeda775910 nmethod 2896 0x000001ae84ae2c90 code [0x000001ae84ae2ec0, 0x000001ae84ae3530]
Event: 6.006 Thread 0x000001aeda775910 2900       1       org.eclipse.osgi.internal.loader.sources.PackageSource::getId (5 bytes)
Event: 6.006 Thread 0x000001aeda775910 nmethod 2900 0x000001ae8c214a90 code [0x000001ae8c214c20, 0x000001ae8c214ce8]
Event: 6.249 Thread 0x000001aeda775910 2901       3       java.util.HashSet::isEmpty (8 bytes)
Event: 6.250 Thread 0x000001aeda775fd0 2902       1       org.eclipse.core.internal.dtree.DataDeltaNode::isDelta (2 bytes)
Event: 6.250 Thread 0x000001aeda64b520 2903       1       org.eclipse.core.internal.jobs.InternalJob::previous (5 bytes)
Event: 7.059 Thread 0x000001aeda775fd0 nmethod 2902 0x000001ae8c214d90 code [0x000001ae8c214f20, 0x000001ae8c214fe8]
Event: 7.060 Thread 0x000001aeda775910 nmethod 2901 0x000001ae84ae3790 code [0x000001ae84ae3940, 0x000001ae84ae3b88]
Event: 7.060 Thread 0x000001aeda64b520 nmethod 2903 0x000001ae8c215090 code [0x000001ae8c215220, 0x000001ae8c2152e8]
Event: 7.094 Thread 0x000001aeda64b520 2904       3       java.lang.invoke.DirectMethodHandle$Holder::invokeStatic (14 bytes)
Event: 7.094 Thread 0x000001aeda775910 2905       3       org.eclipse.core.internal.registry.Handle::<init> (15 bytes)
Event: 7.095 Thread 0x000001aeda64b520 nmethod 2904 0x000001ae84ae3c90 code [0x000001ae84ae3e60, 0x000001ae84ae4368]
Event: 7.095 Thread 0x000001aeda775910 nmethod 2905 0x000001ae84ae4490 code [0x000001ae84ae4640, 0x000001ae84ae47c8]

GC Heap History (14 events):
Event: 1.354 GC heap before
{Heap before GC invocations=1 (full 0):
 PSYoungGen      total 29696K, used 25600K [0x00000000d5580000, 0x00000000d7680000, 0x0000000100000000)
  eden space 25600K, 100% used [0x00000000d5580000,0x00000000d6e80000,0x00000000d6e80000)
  from space 4096K, 0% used [0x00000000d7280000,0x00000000d7280000,0x00000000d7680000)
  to   space 4096K, 0% used [0x00000000d6e80000,0x00000000d6e80000,0x00000000d7280000)
 ParOldGen       total 68608K, used 0K [0x0000000080000000, 0x0000000084300000, 0x00000000d5580000)
  object space 68608K, 0% used [0x0000000080000000,0x0000000080000000,0x0000000084300000)
 Metaspace       used 4286K, committed 4544K, reserved 1114112K
  class space    used 469K, committed 576K, reserved 1048576K
}
Event: 1.366 GC heap after
{Heap after GC invocations=1 (full 0):
 PSYoungGen      total 29696K, used 3755K [0x00000000d5580000, 0x00000000d7680000, 0x0000000100000000)
  eden space 25600K, 0% used [0x00000000d5580000,0x00000000d5580000,0x00000000d6e80000)
  from space 4096K, 91% used [0x00000000d6e80000,0x00000000d722aff0,0x00000000d7280000)
  to   space 4096K, 0% used [0x00000000d7280000,0x00000000d7280000,0x00000000d7680000)
 ParOldGen       total 68608K, used 16K [0x0000000080000000, 0x0000000084300000, 0x00000000d5580000)
  object space 68608K, 0% used [0x0000000080000000,0x0000000080004000,0x0000000084300000)
 Metaspace       used 4286K, committed 4544K, reserved 1114112K
  class space    used 469K, committed 576K, reserved 1048576K
}
Event: 2.664 GC heap before
{Heap before GC invocations=2 (full 0):
 PSYoungGen      total 29696K, used 29355K [0x00000000d5580000, 0x00000000d7680000, 0x0000000100000000)
  eden space 25600K, 100% used [0x00000000d5580000,0x00000000d6e80000,0x00000000d6e80000)
  from space 4096K, 91% used [0x00000000d6e80000,0x00000000d722aff0,0x00000000d7280000)
  to   space 4096K, 0% used [0x00000000d7280000,0x00000000d7280000,0x00000000d7680000)
 ParOldGen       total 68608K, used 16K [0x0000000080000000, 0x0000000084300000, 0x00000000d5580000)
  object space 68608K, 0% used [0x0000000080000000,0x0000000080004000,0x0000000084300000)
 Metaspace       used 8066K, committed 8384K, reserved 1114112K
  class space    used 839K, committed 960K, reserved 1048576K
}
Event: 2.673 GC heap after
{Heap after GC invocations=2 (full 0):
 PSYoungGen      total 29696K, used 4070K [0x00000000d5580000, 0x00000000d7680000, 0x0000000100000000)
  eden space 25600K, 0% used [0x00000000d5580000,0x00000000d5580000,0x00000000d6e80000)
  from space 4096K, 99% used [0x00000000d7280000,0x00000000d7679820,0x00000000d7680000)
  to   space 4096K, 0% used [0x00000000d6e80000,0x00000000d6e80000,0x00000000d7280000)
 ParOldGen       total 68608K, used 1005K [0x0000000080000000, 0x0000000084300000, 0x00000000d5580000)
  object space 68608K, 1% used [0x0000000080000000,0x00000000800fb6b8,0x0000000084300000)
 Metaspace       used 8066K, committed 8384K, reserved 1114112K
  class space    used 839K, committed 960K, reserved 1048576K
}
Event: 3.753 GC heap before
{Heap before GC invocations=3 (full 0):
 PSYoungGen      total 29696K, used 29670K [0x00000000d5580000, 0x00000000d7680000, 0x0000000100000000)
  eden space 25600K, 100% used [0x00000000d5580000,0x00000000d6e80000,0x00000000d6e80000)
  from space 4096K, 99% used [0x00000000d7280000,0x00000000d7679820,0x00000000d7680000)
  to   space 4096K, 0% used [0x00000000d6e80000,0x00000000d6e80000,0x00000000d7280000)
 ParOldGen       total 68608K, used 1005K [0x0000000080000000, 0x0000000084300000, 0x00000000d5580000)
  object space 68608K, 1% used [0x0000000080000000,0x00000000800fb6b8,0x0000000084300000)
 Metaspace       used 12897K, committed 13440K, reserved 1114112K
  class space    used 1361K, committed 1600K, reserved 1048576K
}
Event: 3.763 GC heap after
{Heap after GC invocations=3 (full 0):
 PSYoungGen      total 29696K, used 4088K [0x00000000d5580000, 0x00000000d7680000, 0x0000000100000000)
  eden space 25600K, 0% used [0x00000000d5580000,0x00000000d5580000,0x00000000d6e80000)
  from space 4096K, 99% used [0x00000000d6e80000,0x00000000d727e3e0,0x00000000d7280000)
  to   space 4096K, 0% used [0x00000000d7280000,0x00000000d7280000,0x00000000d7680000)
 ParOldGen       total 68608K, used 2651K [0x0000000080000000, 0x0000000084300000, 0x00000000d5580000)
  object space 68608K, 3% used [0x0000000080000000,0x0000000080296f08,0x0000000084300000)
 Metaspace       used 12897K, committed 13440K, reserved 1114112K
  class space    used 1361K, committed 1600K, reserved 1048576K
}
Event: 5.234 GC heap before
{Heap before GC invocations=4 (full 0):
 PSYoungGen      total 29696K, used 29688K [0x00000000d5580000, 0x00000000d7680000, 0x0000000100000000)
  eden space 25600K, 100% used [0x00000000d5580000,0x00000000d6e80000,0x00000000d6e80000)
  from space 4096K, 99% used [0x00000000d6e80000,0x00000000d727e3e0,0x00000000d7280000)
  to   space 4096K, 0% used [0x00000000d7280000,0x00000000d7280000,0x00000000d7680000)
 ParOldGen       total 68608K, used 2651K [0x0000000080000000, 0x0000000084300000, 0x00000000d5580000)
  object space 68608K, 3% used [0x0000000080000000,0x0000000080296f08,0x0000000084300000)
 Metaspace       used 16994K, committed 17728K, reserved 1114112K
  class space    used 1790K, committed 2112K, reserved 1048576K
}
Event: 5.244 GC heap after
{Heap after GC invocations=4 (full 0):
 PSYoungGen      total 29696K, used 4081K [0x00000000d5580000, 0x00000000d7680000, 0x0000000100000000)
  eden space 25600K, 0% used [0x00000000d5580000,0x00000000d5580000,0x00000000d6e80000)
  from space 4096K, 99% used [0x00000000d7280000,0x00000000d767c438,0x00000000d7680000)
  to   space 4096K, 0% used [0x00000000d6e80000,0x00000000d6e80000,0x00000000d7280000)
 ParOldGen       total 68608K, used 4656K [0x0000000080000000, 0x0000000084300000, 0x00000000d5580000)
  object space 68608K, 6% used [0x0000000080000000,0x000000008048c290,0x0000000084300000)
 Metaspace       used 16994K, committed 17728K, reserved 1114112K
  class space    used 1790K, committed 2112K, reserved 1048576K
}
Event: 5.740 GC heap before
{Heap before GC invocations=5 (full 0):
 PSYoungGen      total 29696K, used 29681K [0x00000000d5580000, 0x00000000d7680000, 0x0000000100000000)
  eden space 25600K, 100% used [0x00000000d5580000,0x00000000d6e80000,0x00000000d6e80000)
  from space 4096K, 99% used [0x00000000d7280000,0x00000000d767c438,0x00000000d7680000)
  to   space 4096K, 0% used [0x00000000d6e80000,0x00000000d6e80000,0x00000000d7280000)
 ParOldGen       total 68608K, used 4656K [0x0000000080000000, 0x0000000084300000, 0x00000000d5580000)
  object space 68608K, 6% used [0x0000000080000000,0x000000008048c290,0x0000000084300000)
 Metaspace       used 20258K, committed 20928K, reserved 1114112K
  class space    used 2020K, committed 2304K, reserved 1048576K
}
Event: 5.746 GC heap after
{Heap after GC invocations=5 (full 0):
 PSYoungGen      total 29184K, used 4082K [0x00000000d5580000, 0x00000000d7800000, 0x0000000100000000)
  eden space 25088K, 0% used [0x00000000d5580000,0x00000000d5580000,0x00000000d6e00000)
  from space 4096K, 99% used [0x00000000d6e80000,0x00000000d727c810,0x00000000d7280000)
  to   space 5120K, 0% used [0x00000000d7300000,0x00000000d7300000,0x00000000d7800000)
 ParOldGen       total 68608K, used 5015K [0x0000000080000000, 0x0000000084300000, 0x00000000d5580000)
  object space 68608K, 7% used [0x0000000080000000,0x00000000804e5c20,0x0000000084300000)
 Metaspace       used 20258K, committed 20928K, reserved 1114112K
  class space    used 2020K, committed 2304K, reserved 1048576K
}
Event: 5.823 GC heap before
{Heap before GC invocations=6 (full 0):
 PSYoungGen      total 29184K, used 7705K [0x00000000d5580000, 0x00000000d7800000, 0x0000000100000000)
  eden space 25088K, 14% used [0x00000000d5580000,0x00000000d5909d88,0x00000000d6e00000)
  from space 4096K, 99% used [0x00000000d6e80000,0x00000000d727c810,0x00000000d7280000)
  to   space 5120K, 0% used [0x00000000d7300000,0x00000000d7300000,0x00000000d7800000)
 ParOldGen       total 68608K, used 5015K [0x0000000080000000, 0x0000000084300000, 0x00000000d5580000)
  object space 68608K, 7% used [0x0000000080000000,0x00000000804e5c20,0x0000000084300000)
 Metaspace       used 20848K, committed 21504K, reserved 1114112K
  class space    used 2065K, committed 2368K, reserved 1048576K
}
Event: 5.831 GC heap after
{Heap after GC invocations=6 (full 0):
 PSYoungGen      total 29696K, used 4456K [0x00000000d5580000, 0x00000000d7780000, 0x0000000100000000)
  eden space 25088K, 0% used [0x00000000d5580000,0x00000000d5580000,0x00000000d6e00000)
  from space 4608K, 96% used [0x00000000d7300000,0x00000000d775a000,0x00000000d7780000)
  to   space 4608K, 0% used [0x00000000d6e80000,0x00000000d6e80000,0x00000000d7300000)
 ParOldGen       total 68608K, used 5023K [0x0000000080000000, 0x0000000084300000, 0x00000000d5580000)
  object space 68608K, 7% used [0x0000000080000000,0x00000000804e7c20,0x0000000084300000)
 Metaspace       used 20848K, committed 21504K, reserved 1114112K
  class space    used 2065K, committed 2368K, reserved 1048576K
}
Event: 5.831 GC heap before
{Heap before GC invocations=7 (full 1):
 PSYoungGen      total 29696K, used 4456K [0x00000000d5580000, 0x00000000d7780000, 0x0000000100000000)
  eden space 25088K, 0% used [0x00000000d5580000,0x00000000d5580000,0x00000000d6e00000)
  from space 4608K, 96% used [0x00000000d7300000,0x00000000d775a000,0x00000000d7780000)
  to   space 4608K, 0% used [0x00000000d6e80000,0x00000000d6e80000,0x00000000d7300000)
 ParOldGen       total 68608K, used 5023K [0x0000000080000000, 0x0000000084300000, 0x00000000d5580000)
  object space 68608K, 7% used [0x0000000080000000,0x00000000804e7c20,0x0000000084300000)
 Metaspace       used 20848K, committed 21504K, reserved 1114112K
  class space    used 2065K, committed 2368K, reserved 1048576K
}
Event: 5.876 GC heap after
{Heap after GC invocations=7 (full 1):
 PSYoungGen      total 29696K, used 0K [0x00000000d5580000, 0x00000000d7780000, 0x0000000100000000)
  eden space 25088K, 0% used [0x00000000d5580000,0x00000000d5580000,0x00000000d6e00000)
  from space 4608K, 0% used [0x00000000d7300000,0x00000000d7300000,0x00000000d7780000)
  to   space 4608K, 0% used [0x00000000d6e80000,0x00000000d6e80000,0x00000000d7300000)
 ParOldGen       total 68608K, used 8493K [0x0000000080000000, 0x0000000084300000, 0x00000000d5580000)
  object space 68608K, 12% used [0x0000000080000000,0x000000008084b588,0x0000000084300000)
 Metaspace       used 20835K, committed 21504K, reserved 1114112K
  class space    used 2062K, committed 2368K, reserved 1048576K
}

Dll operation events (20 events):
Event: 0.021 Attempting to load shared library c:\Users\tortu\.vscode\extensions\redhat.java-1.56.0-win32-x64\jre\21.0.12.1-win32-x86_64\bin\java.dll
Event: 0.021 Loaded shared library c:\Users\tortu\.vscode\extensions\redhat.java-1.56.0-win32-x64\jre\21.0.12.1-win32-x86_64\bin\java.dll
Event: 0.156 Attempting to load shared library c:\Users\tortu\.vscode\extensions\redhat.java-1.56.0-win32-x64\jre\21.0.12.1-win32-x86_64\bin\zip.dll
Event: 0.157 Loaded shared library c:\Users\tortu\.vscode\extensions\redhat.java-1.56.0-win32-x64\jre\21.0.12.1-win32-x86_64\bin\zip.dll
Event: 0.200 Attempting to load shared library C:\Users\tortu\.vscode\extensions\redhat.java-1.56.0-win32-x64\jre\21.0.12.1-win32-x86_64\bin\instrument.dll
Event: 0.200 Loaded shared library C:\Users\tortu\.vscode\extensions\redhat.java-1.56.0-win32-x64\jre\21.0.12.1-win32-x86_64\bin\instrument.dll
Event: 0.208 Attempting to load shared library C:\Users\tortu\.vscode\extensions\redhat.java-1.56.0-win32-x64\jre\21.0.12.1-win32-x86_64\bin\net.dll
Event: 0.210 Loaded shared library C:\Users\tortu\.vscode\extensions\redhat.java-1.56.0-win32-x64\jre\21.0.12.1-win32-x86_64\bin\net.dll
Event: 0.214 Attempting to load shared library C:\Users\tortu\.vscode\extensions\redhat.java-1.56.0-win32-x64\jre\21.0.12.1-win32-x86_64\bin\nio.dll
Event: 0.215 Loaded shared library C:\Users\tortu\.vscode\extensions\redhat.java-1.56.0-win32-x64\jre\21.0.12.1-win32-x86_64\bin\nio.dll
Event: 0.221 Attempting to load shared library C:\Users\tortu\.vscode\extensions\redhat.java-1.56.0-win32-x64\jre\21.0.12.1-win32-x86_64\bin\zip.dll
Event: 0.221 Loaded shared library C:\Users\tortu\.vscode\extensions\redhat.java-1.56.0-win32-x64\jre\21.0.12.1-win32-x86_64\bin\zip.dll
Event: 0.259 Attempting to load shared library C:\Users\tortu\.vscode\extensions\redhat.java-1.56.0-win32-x64\jre\21.0.12.1-win32-x86_64\bin\jimage.dll
Event: 0.259 Loaded shared library C:\Users\tortu\.vscode\extensions\redhat.java-1.56.0-win32-x64\jre\21.0.12.1-win32-x86_64\bin\jimage.dll
Event: 0.415 Attempting to load shared library c:\Users\tortu\.vscode\extensions\redhat.java-1.56.0-win32-x64\jre\21.0.12.1-win32-x86_64\bin\verify.dll
Event: 0.416 Loaded shared library c:\Users\tortu\.vscode\extensions\redhat.java-1.56.0-win32-x64\jre\21.0.12.1-win32-x86_64\bin\verify.dll
Event: 2.684 Attempting to load shared library C:\Users\tortu\AppData\Roaming\Code\User\globalStorage\redhat.java\1.56.0\config_ss_win\org.eclipse.equinox.launcher\org.eclipse.equinox.launcher.win32.win32.x86_64_1.3.100.v20260804-1928\eclipse_11924.dll
Event: 2.690 Loaded shared library C:\Users\tortu\AppData\Roaming\Code\User\globalStorage\redhat.java\1.56.0\config_ss_win\org.eclipse.equinox.launcher\org.eclipse.equinox.launcher.win32.win32.x86_64_1.3.100.v20260804-1928\eclipse_11924.dll
Event: 4.607 Attempting to load shared library C:\Users\tortu\AppData\Local\Temp\jna-3491\jna1219230809623548161.dll
Event: 4.896 Loaded shared library C:\Users\tortu\AppData\Local\Temp\jna-3491\jna1219230809623548161.dll

Deoptimization events (20 events):
Event: 5.292 Thread 0x000001aee133bab0 Uncommon trap: trap_request=0xffffffde fr.pc=0x000001ae8c1fcbc4 relative=0x0000000000000384
Event: 5.292 Thread 0x000001aee133bab0 Uncommon trap: reason=class_check action=maybe_recompile pc=0x000001ae8c1fcbc4 method=java.lang.String.<init>(Ljava/lang/AbstractStringBuilder;Ljava/lang/Void;)V @ 10 c2
Event: 5.292 Thread 0x000001aee133bab0 DEOPT PACKING pc=0x000001ae8c1fcbc4 sp=0x00000012553f84b0
Event: 5.292 Thread 0x000001aee133bab0 DEOPT UNPACKING pc=0x000001ae8b9f3aa2 sp=0x00000012553f8480 mode 2
Event: 5.292 Thread 0x000001aee133bab0 Uncommon trap: trap_request=0xffffffde fr.pc=0x000001ae8c1fcbc4 relative=0x0000000000000384
Event: 5.292 Thread 0x000001aee133bab0 Uncommon trap: reason=class_check action=maybe_recompile pc=0x000001ae8c1fcbc4 method=java.lang.String.<init>(Ljava/lang/AbstractStringBuilder;Ljava/lang/Void;)V @ 10 c2
Event: 5.292 Thread 0x000001aee133bab0 DEOPT PACKING pc=0x000001ae8c1fcbc4 sp=0x00000012553f8650
Event: 5.292 Thread 0x000001aee133bab0 DEOPT UNPACKING pc=0x000001ae8b9f3aa2 sp=0x00000012553f8620 mode 2
Event: 5.752 Thread 0x000001aee133bab0 Uncommon trap: trap_request=0xffffff6e fr.pc=0x000001ae8c20bbc0 relative=0x0000000000000b20
Event: 5.752 Thread 0x000001aee133bab0 Uncommon trap: reason=loop_limit_check action=maybe_recompile pc=0x000001ae8c20bbc0 method=java.util.regex.Pattern$StartS.match(Ljava/util/regex/Matcher;ILjava/lang/CharSequence;)Z @ 34 c2
Event: 5.752 Thread 0x000001aee133bab0 DEOPT PACKING pc=0x000001ae8c20bbc0 sp=0x00000012553f27c0
Event: 5.752 Thread 0x000001aee133bab0 DEOPT UNPACKING pc=0x000001ae8b9f3aa2 sp=0x00000012553f2730 mode 2
Event: 5.806 Thread 0x000001aee133bab0 Uncommon trap: trap_request=0xffffff45 fr.pc=0x000001ae8c2145ec relative=0x000000000000014c
Event: 5.807 Thread 0x000001aee133bab0 Uncommon trap: reason=unstable_if action=reinterpret pc=0x000001ae8c2145ec method=org.lombokweb.asm.ByteVector.putByteArray([BII)Lorg/lombokweb/asm/ByteVector; @ 20 c2
Event: 5.807 Thread 0x000001aee133bab0 DEOPT PACKING pc=0x000001ae8c2145ec sp=0x00000012553f27b0
Event: 5.807 Thread 0x000001aee133bab0 DEOPT UNPACKING pc=0x000001ae8b9f3aa2 sp=0x00000012553f2780 mode 2
Event: 5.807 Thread 0x000001aee133bab0 Uncommon trap: trap_request=0xffffff45 fr.pc=0x000001ae8c213c24 relative=0x0000000000000364
Event: 5.807 Thread 0x000001aee133bab0 Uncommon trap: reason=unstable_if action=reinterpret pc=0x000001ae8c213c24 method=org.lombokweb.asm.Label.resolve([BLorg/lombokweb/asm/ByteVector;I)Z @ 81 c2
Event: 5.807 Thread 0x000001aee133bab0 DEOPT PACKING pc=0x000001ae8c213c24 sp=0x00000012553f2840
Event: 5.807 Thread 0x000001aee133bab0 DEOPT UNPACKING pc=0x000001ae8b9f3aa2 sp=0x00000012553f2748 mode 2

Classes loaded (20 events):
Event: 5.216 Loading class java/util/zip/GZIPInputStream
Event: 5.217 Loading class java/util/zip/GZIPInputStream done
Event: 5.218 Loading class java/io/StringReader
Event: 5.218 Loading class java/io/StringReader done
Event: 5.266 Loading class java/net/SocketTimeoutException
Event: 5.266 Loading class java/io/InterruptedIOException
Event: 5.267 Loading class java/io/InterruptedIOException done
Event: 5.267 Loading class java/net/SocketTimeoutException done
Event: 5.267 Loading class java/net/SocketException
Event: 5.267 Loading class java/net/SocketException done
Event: 5.267 Loading class java/net/UnknownHostException
Event: 5.267 Loading class java/net/UnknownHostException done
Event: 5.267 Loading class java/net/ProtocolException
Event: 5.267 Loading class java/net/ProtocolException done
Event: 5.298 Loading class java/lang/ThreadLocal$SuppliedThreadLocal
Event: 5.298 Loading class java/lang/ThreadLocal$SuppliedThreadLocal done
Event: 5.313 Loading class java/io/FileWriter
Event: 5.314 Loading class java/io/FileWriter done
Event: 5.414 Loading class java/lang/NegativeArraySizeException
Event: 5.414 Loading class java/lang/NegativeArraySizeException done

Classes unloaded (7 events):
Event: 5.839 Thread 0x000001aeffede7b0 Unloading class 0x000001ae99191400 'java/lang/invoke/LambdaForm$MH+0x000001ae99191400'
Event: 5.839 Thread 0x000001aeffede7b0 Unloading class 0x000001ae99191000 'java/lang/invoke/LambdaForm$MH+0x000001ae99191000'
Event: 5.839 Thread 0x000001aeffede7b0 Unloading class 0x000001ae99190c00 'java/lang/invoke/LambdaForm$MH+0x000001ae99190c00'
Event: 5.839 Thread 0x000001aeffede7b0 Unloading class 0x000001ae99190800 'java/lang/invoke/LambdaForm$MH+0x000001ae99190800'
Event: 5.839 Thread 0x000001aeffede7b0 Unloading class 0x000001ae99190400 'java/lang/invoke/LambdaForm$BMH+0x000001ae99190400'
Event: 5.839 Thread 0x000001aeffede7b0 Unloading class 0x000001ae99190000 'java/lang/invoke/LambdaForm$DMH+0x000001ae99190000'
Event: 5.839 Thread 0x000001aeffede7b0 Unloading class 0x000001ae9918ec00 'java/lang/invoke/LambdaForm$DMH+0x000001ae9918ec00'

Classes redefined (0 events):
No events

Internal exceptions (20 events):
Event: 4.943 Thread 0x000001aee133bab0 Exception <a 'java/lang/NoSuchMethodError'{0x00000000d6595288}: 'int java.lang.invoke.Invokers$Holder.invokeExact_MT(java.lang.Object, java.lang.Object, java.lang.Object)'> (0x00000000d6595288) 
thrown [s\src\hotspot\share\interpreter\linkResolver.cpp, line 773]
Event: 4.968 Thread 0x000001aee133bab0 Exception <a 'java/lang/NoSuchMethodError'{0x00000000d665b800}: method resolution failed> (0x00000000d665b800) 
thrown [s\src\hotspot\share\prims\methodHandles.cpp, line 1136]
Event: 4.990 Thread 0x000001aee133bab0 Exception <a 'java/lang/NoSuchMethodError'{0x00000000d66c76e8}: 'void java.lang.invoke.Invokers$Holder.invokeExact_MT(java.lang.Object, java.lang.Object, int, java.lang.Object)'> (0x00000000d66c76e8) 
thrown [s\src\hotspot\share\interpreter\linkResolver.cpp, line 773]
Event: 5.036 Thread 0x000001aee133bab0 Exception <a 'java/lang/NoSuchMethodError'{0x00000000d67c4910}: 'java.lang.Object java.lang.invoke.DirectMethodHandle$Holder.invokeSpecial(java.lang.Object, java.lang.Object, java.lang.Object, long, java.lang.Object)'> (0x00000000d67c4910) 
thrown [s\src\hotspot\share\interpreter\linkResolver.cpp, line 773]
Event: 5.037 Thread 0x000001aee133bab0 Exception <a 'java/lang/NoSuchMethodError'{0x00000000d67cc158}: 'java.lang.Object java.lang.invoke.DirectMethodHandle$Holder.newInvokeSpecial(java.lang.Object, java.lang.Object, java.lang.Object, long)'> (0x00000000d67cc158) 
thrown [s\src\hotspot\share\interpreter\linkResolver.cpp, line 773]
Event: 5.038 Thread 0x000001aee133bab0 Exception <a 'java/lang/NoSuchMethodError'{0x00000000d67d0508}: 'java.lang.Object java.lang.invoke.DirectMethodHandle$Holder.invokeSpecial(java.lang.Object, java.lang.Object, java.lang.Object, java.lang.Object, long)'> (0x00000000d67d0508) 
thrown [s\src\hotspot\share\interpreter\linkResolver.cpp, line 773]
Event: 5.038 Thread 0x000001aee133bab0 Exception <a 'java/lang/NoSuchMethodError'{0x00000000d67d4128}: 'java.lang.Object java.lang.invoke.Invokers$Holder.linkToTargetMethod(java.lang.Object, java.lang.Object, long, java.lang.Object)'> (0x00000000d67d4128) 
thrown [s\src\hotspot\share\interpreter\linkResolver.cpp, line 773]
Event: 5.055 Thread 0x000001aee133bab0 Exception <a 'java/lang/NoSuchMethodError'{0x00000000d68419e8}: 'int java.lang.invoke.DirectMethodHandle$Holder.invokeStaticInit(java.lang.Object, java.lang.Object, java.lang.Object)'> (0x00000000d68419e8) 
thrown [s\src\hotspot\share\interpreter\linkResolver.cpp, line 773]
Event: 5.070 Thread 0x000001aee133bab0 Exception <a 'java/lang/IncompatibleClassChangeError'{0x00000000d68ce870}: Found class java.lang.Object, but interface was expected> (0x00000000d68ce870) 
thrown [s\src\hotspot\share\interpreter\linkResolver.cpp, line 840]
Event: 5.077 Thread 0x000001aee133bab0 Exception <a 'java/lang/NoSuchMethodError'{0x00000000d68e2380}: 'java.lang.Object java.lang.invoke.DirectMethodHandle$Holder.invokeSpecial(java.lang.Object, java.lang.Object, java.lang.Object, int, java.lang.Object, java.lang.Object)'> (0x00000000d68e2380) 
thrown [s\src\hotspot\share\interpreter\linkResolver.cpp, line 773]
Event: 5.079 Thread 0x000001aee133bab0 Exception <a 'java/lang/NoSuchMethodError'{0x00000000d68e9e58}: 'java.lang.Object java.lang.invoke.DirectMethodHandle$Holder.newInvokeSpecial(java.lang.Object, java.lang.Object, java.lang.Object, int, java.lang.Object)'> (0x00000000d68e9e58) 
thrown [s\src\hotspot\share\interpreter\linkResolver.cpp, line 773]
Event: 5.079 Thread 0x000001aee133bab0 Exception <a 'java/lang/NoSuchMethodError'{0x00000000d68eddd8}: 'java.lang.Object java.lang.invoke.DirectMethodHandle$Holder.invokeSpecial(java.lang.Object, java.lang.Object, java.lang.Object, java.lang.Object, int, java.lang.Object)'> (0x00000000d68eddd8) 
thrown [s\src\hotspot\share\interpreter\linkResolver.cpp, line 773]
Event: 5.080 Thread 0x000001aee133bab0 Exception <a 'java/lang/NoSuchMethodError'{0x00000000d68f1918}: 'java.lang.Object java.lang.invoke.Invokers$Holder.linkToTargetMethod(java.lang.Object, java.lang.Object, int, java.lang.Object, java.lang.Object)'> (0x00000000d68f1918) 
thrown [s\src\hotspot\share\interpreter\linkResolver.cpp, line 773]
Event: 5.081 Thread 0x000001aee1431830 Exception <a 'java/lang/NoSuchMethodError'{0x00000000d67f95c8}: 'java.lang.Object java.lang.invoke.DirectMethodHandle$Holder.invokeSpecial(java.lang.Object, java.lang.Object, int, java.lang.Object, java.lang.Object)'> (0x00000000d67f95c8) 
thrown [s\src\hotspot\share\interpreter\linkResolver.cpp, line 773]
Event: 5.083 Thread 0x000001aee1431830 Exception <a 'java/lang/NoSuchMethodError'{0x00000000d6800300}: 'java.lang.Object java.lang.invoke.DirectMethodHandle$Holder.newInvokeSpecial(java.lang.Object, java.lang.Object, int, java.lang.Object)'> (0x00000000d6800300) 
thrown [s\src\hotspot\share\interpreter\linkResolver.cpp, line 773]
Event: 5.084 Thread 0x000001aee1431830 Exception <a 'java/lang/NoSuchMethodError'{0x00000000d6803be0}: 'java.lang.Object java.lang.invoke.DirectMethodHandle$Holder.invokeSpecial(java.lang.Object, java.lang.Object, java.lang.Object, int, java.lang.Object)'> (0x00000000d6803be0) 
thrown [s\src\hotspot\share\interpreter\linkResolver.cpp, line 773]
Event: 5.113 Thread 0x000001aee133bab0 Exception <a 'java/lang/NoSuchMethodError'{0x00000000d6a0a948}: 'void java.lang.invoke.DirectMethodHandle$Holder.invokeSpecial(java.lang.Object, java.lang.Object, java.lang.Object, java.lang.Object, java.lang.Object)'> (0x00000000d6a0a948) 
thrown [s\src\hotspot\share\interpreter\linkResolver.cpp, line 773]
Event: 5.194 Thread 0x000001aee133bab0 Exception <a 'java/lang/NoSuchMethodError'{0x00000000d6d023d0}: 'double java.lang.invoke.DirectMethodHandle$Holder.invokeStatic(java.lang.Object, java.lang.Object)'> (0x00000000d6d023d0) 
thrown [s\src\hotspot\share\interpreter\linkResolver.cpp, line 773]
Event: 5.195 Thread 0x000001aee133bab0 Exception <a 'java/lang/NoSuchMethodError'{0x00000000d6d05a90}: 'double java.lang.invoke.DirectMethodHandle$Holder.invokeStaticInit(java.lang.Object, java.lang.Object)'> (0x00000000d6d05a90) 
thrown [s\src\hotspot\share\interpreter\linkResolver.cpp, line 773]
Event: 5.806 Thread 0x000001aee133bab0 Implicit null exception at 0x000001ae8c2144f5 to 0x000001ae8c2145d0

ZGC Phase Switch (0 events):
No events

VM Operations (20 events):
Event: 3.965 Executing non-safepoint VM operation: HandshakeAllThreads (Deoptimize)
Event: 3.965 Executing non-safepoint VM operation: HandshakeAllThreads (Deoptimize) done
Event: 3.972 Executing non-safepoint VM operation: HandshakeAllThreads (Deoptimize)
Event: 3.972 Executing non-safepoint VM operation: HandshakeAllThreads (Deoptimize) done
Event: 3.997 Executing non-safepoint VM operation: HandshakeAllThreads (Deoptimize)
Event: 3.997 Executing non-safepoint VM operation: HandshakeAllThreads (Deoptimize) done
Event: 4.536 Executing non-safepoint VM operation: HandshakeAllThreads (Deoptimize)
Event: 4.536 Executing non-safepoint VM operation: HandshakeAllThreads (Deoptimize) done
Event: 4.917 Executing non-safepoint VM operation: HandshakeAllThreads (Deoptimize)
Event: 4.917 Executing non-safepoint VM operation: HandshakeAllThreads (Deoptimize) done
Event: 4.917 Executing safepoint VM operation: Cleanup
Event: 4.917 Executing safepoint VM operation: Cleanup done
Event: 5.234 Executing safepoint VM operation: ParallelGCFailedAllocation (Allocation Failure)
Event: 5.244 Executing safepoint VM operation: ParallelGCFailedAllocation (Allocation Failure) done
Event: 5.740 Executing safepoint VM operation: ParallelGCFailedAllocation (Allocation Failure)
Event: 5.746 Executing safepoint VM operation: ParallelGCFailedAllocation (Allocation Failure) done
Event: 5.823 Executing safepoint VM operation: CollectForMetadataAllocation (Metadata GC Threshold)
Event: 5.876 Executing safepoint VM operation: CollectForMetadataAllocation (Metadata GC Threshold) done
Event: 6.877 Executing safepoint VM operation: Cleanup
Event: 7.059 Executing safepoint VM operation: Cleanup done

Memory protections (0 events):
No events

Nmethod flushes (0 events):
No events

Events (20 events):
Event: 0.085 Thread 0x000001aeffe1d780 Thread added: 0x000001aeda604c90
Event: 0.086 Thread 0x000001aeffe1d780 Thread added: 0x000001aeda6089a0
Event: 0.086 Thread 0x000001aeffe1d780 Thread added: 0x000001aeda60e0b0
Event: 0.087 Thread 0x000001aeffe1d780 Thread added: 0x000001aeda64b520
Event: 0.151 Thread 0x000001aeda64b520 Thread added: 0x000001aeda775910
Event: 0.151 Thread 0x000001aeda64b520 Thread added: 0x000001aeda775fd0
Event: 0.204 Thread 0x000001aeffe1d780 Thread added: 0x000001aeda83b010
Event: 0.607 Thread 0x000001aeffe1d780 Thread added: 0x000001aeda8c0400
Event: 0.654 Thread 0x000001aeda775910 Thread added: 0x000001aedc3bca70
Event: 2.307 Thread 0x000001aeffe1d780 Thread added: 0x000001aedc83b6e0
Event: 2.659 Thread 0x000001aeffe1d780 Thread added: 0x000001aee1145840
Event: 2.678 Thread 0x000001aeffe1d780 Thread added: 0x000001aee133bab0
Event: 2.747 Thread 0x000001aee133bab0 Thread added: 0x000001aee1368330
Event: 3.030 Thread 0x000001aedc3bca70 Thread exited: 0x000001aedc3bca70
Event: 3.643 Thread 0x000001aee133bab0 Thread added: 0x000001aee12088d0
Event: 4.956 Thread 0x000001aee133bab0 Thread added: 0x000001aee1440040
Event: 5.044 Thread 0x000001aee133bab0 Thread added: 0x000001aee1431830
Event: 5.082 Thread 0x000001aee133bab0 Thread added: 0x000001aee142b2a0
Event: 5.245 Thread 0x000001aee142b2a0 Thread added: 0x000001aee142b930
Event: 5.293 Thread 0x000001aee142b2a0 Thread added: 0x000001aee142bfc0


Dynamic libraries:
0x00007ff69c670000 - 0x00007ff69c67e000 	c:\Users\tortu\.vscode\extensions\redhat.java-1.56.0-win32-x64\jre\21.0.12.1-win32-x86_64\bin\java.exe
0x00007ffcde1a0000 - 0x00007ffcde406000 	C:\WINDOWS\SYSTEM32\ntdll.dll
0x00007ffcdd100000 - 0x00007ffcdd1c9000 	C:\WINDOWS\System32\KERNEL32.DLL
0x00007ffcdb440000 - 0x00007ffcdb83f000 	C:\WINDOWS\System32\KERNELBASE.dll
0x00007ffcdbcc0000 - 0x00007ffcdbe0c000 	C:\WINDOWS\System32\ucrtbase.dll
0x00007ffcbce80000 - 0x00007ffcbce9e000 	c:\Users\tortu\.vscode\extensions\redhat.java-1.56.0-win32-x64\jre\21.0.12.1-win32-x86_64\bin\VCRUNTIME140.dll
0x00007ffcbcc60000 - 0x00007ffcbcc78000 	c:\Users\tortu\.vscode\extensions\redhat.java-1.56.0-win32-x64\jre\21.0.12.1-win32-x86_64\bin\jli.dll
0x00007ffcdd1d0000 - 0x00007ffcdd396000 	C:\WINDOWS\System32\USER32.dll
0x00007ffcbe7a0000 - 0x00007ffcbea31000 	C:\WINDOWS\WinSxS\amd64_microsoft.windows.common-controls_6595b64144ccf1df_6.0.26100.8972_none_3e0da176e32f9d4b\COMCTL32.dll
0x00007ffcdbbd0000 - 0x00007ffcdbbf7000 	C:\WINDOWS\System32\win32u.dll
0x00007ffcdc630000 - 0x00007ffcdc6d9000 	C:\WINDOWS\System32\msvcrt.dll
0x00007ffcdcbf0000 - 0x00007ffcdcc1b000 	C:\WINDOWS\System32\GDI32.dll
0x00007ffcdbaa0000 - 0x00007ffcdbbc9000 	C:\WINDOWS\System32\gdi32full.dll
0x00007ffcdbe20000 - 0x00007ffcdbec3000 	C:\WINDOWS\System32\msvcp_win.dll
0x00007ffcddf90000 - 0x00007ffcddfc2000 	C:\WINDOWS\System32\IMM32.DLL
0x00007ffcd6180000 - 0x00007ffcd618c000 	c:\Users\tortu\.vscode\extensions\redhat.java-1.56.0-win32-x64\jre\21.0.12.1-win32-x86_64\bin\vcruntime140_1.dll
0x00007ffc88b80000 - 0x00007ffc88c0d000 	c:\Users\tortu\.vscode\extensions\redhat.java-1.56.0-win32-x64\jre\21.0.12.1-win32-x86_64\bin\msvcp140.dll
0x00007ffc0a1f0000 - 0x00007ffc0af92000 	c:\Users\tortu\.vscode\extensions\redhat.java-1.56.0-win32-x64\jre\21.0.12.1-win32-x86_64\bin\server\jvm.dll
0x00007ffcdca70000 - 0x00007ffcdcb2c000 	C:\WINDOWS\System32\ADVAPI32.dll
0x00007ffcdcb40000 - 0x00007ffcdcbea000 	C:\WINDOWS\System32\sechost.dll
0x00007ffcdcc20000 - 0x00007ffcdcd38000 	C:\WINDOWS\System32\RPCRT4.dll
0x00007ffcdd070000 - 0x00007ffcdd0f2000 	C:\WINDOWS\System32\WS2_32.dll
0x00007ffcd0870000 - 0x00007ffcd08a6000 	C:\WINDOWS\SYSTEM32\WINMM.dll
0x00007ffcbe790000 - 0x00007ffcbe79b000 	C:\WINDOWS\SYSTEM32\VERSION.dll
0x00007ffcdb210000 - 0x00007ffcdb26e000 	C:\WINDOWS\SYSTEM32\POWRPROF.dll
0x00007ffcdb1f0000 - 0x00007ffcdb205000 	C:\WINDOWS\SYSTEM32\UMPDC.dll
0x00007ffcda0a0000 - 0x00007ffcda0bb000 	C:\WINDOWS\SYSTEM32\kernel.appcore.dll
0x00007ffcc6aa0000 - 0x00007ffcc6aaa000 	c:\Users\tortu\.vscode\extensions\redhat.java-1.56.0-win32-x64\jre\21.0.12.1-win32-x86_64\bin\jimage.dll
0x00007ffcd89b0000 - 0x00007ffcd8bf2000 	C:\WINDOWS\SYSTEM32\DBGHELP.DLL
0x00007ffcdc6e0000 - 0x00007ffcdca65000 	C:\WINDOWS\System32\combase.dll
0x00007ffcdcf70000 - 0x00007ffcdd049000 	C:\WINDOWS\System32\OLEAUT32.dll
0x00007ffcb8aa0000 - 0x00007ffcb8adb000 	C:\WINDOWS\SYSTEM32\dbgcore.DLL
0x00007ffcdb9e0000 - 0x00007ffcdba8c000 	C:\WINDOWS\System32\bcryptPrimitives.dll
0x00007ffcbea40000 - 0x00007ffcbea4f000 	c:\Users\tortu\.vscode\extensions\redhat.java-1.56.0-win32-x64\jre\21.0.12.1-win32-x86_64\bin\instrument.dll
0x00007ffcbca20000 - 0x00007ffcbca40000 	c:\Users\tortu\.vscode\extensions\redhat.java-1.56.0-win32-x64\jre\21.0.12.1-win32-x86_64\bin\java.dll
0x00007ffcdd630000 - 0x00007ffcdddb8000 	C:\WINDOWS\System32\SHELL32.dll
0x00007ffcd8e40000 - 0x00007ffcd96db000 	C:\WINDOWS\SYSTEM32\windows.storage.dll
0x00007ffcde060000 - 0x00007ffcde159000 	C:\WINDOWS\System32\SHCORE.dll
0x00007ffcdce10000 - 0x00007ffcdce76000 	C:\WINDOWS\System32\shlwapi.dll
0x00007ffcdb2d0000 - 0x00007ffcdb2f9000 	C:\WINDOWS\SYSTEM32\profapi.dll
0x00007ffcaa8a0000 - 0x00007ffcaa8b8000 	c:\Users\tortu\.vscode\extensions\redhat.java-1.56.0-win32-x64\jre\21.0.12.1-win32-x86_64\bin\zip.dll
0x00007ffcbd7d0000 - 0x00007ffcbd7e0000 	C:\Users\tortu\.vscode\extensions\redhat.java-1.56.0-win32-x64\jre\21.0.12.1-win32-x86_64\bin\net.dll
0x00007ffcd4710000 - 0x00007ffcd4838000 	C:\WINDOWS\SYSTEM32\WINHTTP.dll
0x00007ffcda650000 - 0x00007ffcda6bc000 	C:\WINDOWS\system32\mswsock.dll
0x00007ffcaa880000 - 0x00007ffcaa896000 	C:\Users\tortu\.vscode\extensions\redhat.java-1.56.0-win32-x64\jre\21.0.12.1-win32-x86_64\bin\nio.dll
0x00007ffcbd470000 - 0x00007ffcbd480000 	c:\Users\tortu\.vscode\extensions\redhat.java-1.56.0-win32-x64\jre\21.0.12.1-win32-x86_64\bin\verify.dll
0x00007ffcbd110000 - 0x00007ffcbd155000 	C:\Users\tortu\AppData\Roaming\Code\User\globalStorage\redhat.java\1.56.0\config_ss_win\org.eclipse.equinox.launcher\org.eclipse.equinox.launcher.win32.win32.x86_64_1.3.100.v20260804-1928\eclipse_11924.dll
0x00007ffcdddf0000 - 0x00007ffcddf89000 	C:\WINDOWS\System32\ole32.dll
0x00007ffcda940000 - 0x00007ffcda95b000 	C:\WINDOWS\SYSTEM32\CRYPTSP.dll
0x00007ffcda000000 - 0x00007ffcda039000 	C:\WINDOWS\system32\rsaenh.dll
0x00007ffcda700000 - 0x00007ffcda732000 	C:\WINDOWS\SYSTEM32\USERENV.dll
0x00007ffcdb2a0000 - 0x00007ffcdb2ca000 	C:\WINDOWS\SYSTEM32\bcrypt.dll
0x00007ffcda960000 - 0x00007ffcda96c000 	C:\WINDOWS\SYSTEM32\CRYPTBASE.dll
0x00007ffcd9b00000 - 0x00007ffcd9b33000 	C:\WINDOWS\SYSTEM32\IPHLPAPI.DLL
0x00007ffcdcd40000 - 0x00007ffcdcd4a000 	C:\WINDOWS\System32\NSI.dll
0x00007ffca8710000 - 0x00007ffca8759000 	C:\Users\tortu\AppData\Local\Temp\jna-3491\jna1219230809623548161.dll
0x00007ffcdc620000 - 0x00007ffcdc628000 	C:\WINDOWS\System32\PSAPI.DLL

JVMTI agents:
c:\Users\tortu\.vscode\extensions\redhat.java-1.56.0-win32-x64\lombok\lombok-1.18.39-4050.jar path:c:\Users\tortu\.vscode\extensions\redhat.java-1.56.0-win32-x64\jre\21.0.12.1-win32-x86_64\bin\instrument.dll, loaded, initialized, instrumentlib options:none

dbghelp: loaded successfully - version: 4.0.5 - missing functions: none
symbol engine: initialized successfully - sym options: 0x614 - pdb path: .;c:\Users\tortu\.vscode\extensions\redhat.java-1.56.0-win32-x64\jre\21.0.12.1-win32-x86_64\bin;C:\WINDOWS\SYSTEM32;C:\WINDOWS\WinSxS\amd64_microsoft.windows.common-controls_6595b64144ccf1df_6.0.26100.8972_none_3e0da176e32f9d4b;c:\Users\tortu\.vscode\extensions\redhat.java-1.56.0-win32-x64\jre\21.0.12.1-win32-x86_64\bin\server;C:\Users\tortu\AppData\Roaming\Code\User\globalStorage\redhat.java\1.56.0\config_ss_win\org.eclipse.equinox.launcher\org.eclipse.equinox.launcher.win32.win32.x86_64_1.3.100.v20260804-1928;C:\Users\tortu\AppData\Local\Temp\jna-3491

VM Arguments:
jvm_args: --add-modules=ALL-SYSTEM --add-opens=java.base/java.util=ALL-UNNAMED --add-opens=java.base/java.lang=ALL-UNNAMED --add-opens=java.base/sun.nio.fs=ALL-UNNAMED -Declipse.application=org.eclipse.jdt.ls.core.id1 -Dosgi.bundles.defaultStartLevel=4 -Declipse.product=org.eclipse.jdt.ls.core.product -Djava.import.generatesMetadataFilesAtProjectRoot=false -Dm2e.project.cache.size=50 -DDetectVMInstallationsJob.disabled=true -Dfile.encoding=utf8 -XX:+UseParallelGC -XX:GCTimeRatio=4 -XX:AdaptiveSizePolicyWeight=90 -Dsun.zip.disableMemoryMapping=true -Xmx2G -Xms100m -Xlog:disable -javaagent:c:\Users\tortu\.vscode\extensions\redhat.java-1.56.0-win32-x64\lombok\lombok-1.18.39-4050.jar 
java_command: c:\Users\tortu\.vscode\extensions\redhat.java-1.56.0-win32-x64\server\plugins\org.eclipse.equinox.launcher_1.8.0.v20260804-1928.jar -configuration c:\Users\tortu\AppData\Roaming\Code\User\globalStorage\redhat.java\1.56.0\config_ss_win -data c:\Users\tortu\AppData\Roaming\Code\User\workspaceStorage\2f1beec08923082be5afbbd388ed2aa8\redhat.java\ss_ws --pipe=\\.\pipe\lsp-35f00ad415cd58d89a8769b9eb86fb7f-sock
java_class_path (initial): c:\Users\tortu\.vscode\extensions\redhat.java-1.56.0-win32-x64\server\plugins\org.eclipse.equinox.launcher_1.8.0.v20260804-1928.jar
Launcher Type: SUN_STANDARD

[Global flags]
    uintx AdaptiveSizePolicyWeight                 = 90                                        {product} {command line}
     intx CICompilerCount                          = 12                                        {product} {ergonomic}
    uintx GCTimeRatio                              = 4                                         {product} {command line}
   size_t InitialHeapSize                          = 104857600                                 {product} {command line}
   size_t MaxHeapSize                              = 2147483648                                {product} {command line}
   size_t MaxNewSize                               = 715653120                                 {product} {ergonomic}
   size_t MinHeapDeltaBytes                        = 524288                                    {product} {ergonomic}
   size_t MinHeapSize                              = 104857600                                 {product} {command line}
   size_t NewSize                                  = 34603008                                  {product} {ergonomic}
    uintx NonNMethodCodeHeapSize                   = 7602480                                {pd product} {ergonomic}
    uintx NonProfiledCodeHeapSize                  = 122027880                              {pd product} {ergonomic}
   size_t OldSize                                  = 70254592                                  {product} {ergonomic}
    uintx ProfiledCodeHeapSize                     = 122027880                              {pd product} {ergonomic}
    uintx ReservedCodeCacheSize                    = 251658240                              {pd product} {ergonomic}
     bool SegmentedCodeCache                       = true                                      {product} {ergonomic}
   size_t SoftMaxHeapSize                          = 2147483648                             {manageable} {ergonomic}
     bool UseCompressedOops                        = true                           {product lp64_product} {ergonomic}
     bool UseLargePagesIndividualAllocation        = false                                  {pd product} {ergonomic}
     bool UseParallelGC                            = true                                      {product} {command line}

Logging:
Log output configuration:
 #0: stdout all=off uptime,level,tags foldmultilines=false
 #1: stderr all=off uptime,level,tags foldmultilines=false

Release file:
JAVA_VERSION="21.0.12.1" 
MODULES="java.base java.compiler java.datatransfer java.xml java.prefs java.desktop java.instrument java.logging java.management java.security.sasl java.naming java.rmi java.management.rmi java.net.http java.scripting java.security.jgss java.transaction.xa java.sql java.sql.rowset java.xml.crypto java.se java.smartcardio jdk.accessibility jdk.internal.jvmstat jdk.attach jdk.charsets jdk.internal.opt jdk.zipfs jdk.compiler jdk.crypto.ec jdk.crypto.cryptoki jdk.crypto.mscapi jdk.dynalink jdk.internal.ed jdk.editpad jdk.hotspot.agent jdk.httpserver jdk.internal.le jdk.internal.vm.ci jdk.internal.vm.compiler jdk.internal.vm.compiler.management jdk.jartool jdk.javadoc jdk.jcmd jdk.management jdk.management.agent jdk.jconsole jdk.jdeps jdk.jdwp.agent jdk.jdi jdk.jfr jdk.jshell jdk.jsobject jdk.jstatd jdk.localedata jdk.management.jfr jdk.naming.dns jdk.naming.rmi jdk.net jdk.nio.mapmode jdk.random jdk.sctp jdk.security.auth jdk.security.jgss jdk.unsupported jdk.unsupported.desktop jdk.xml.dom" 

Environment Variables:
PATH=C:\Program Files\Common Files\Oracle\Java\javapath;C:\WINDOWS\system32;C:\WINDOWS;C:\WINDOWS\System32\Wbem;C:\WINDOWS\System32\WindowsPowerShell\v1.0\;C:\WINDOWS\System32\OpenSSH\;C:\Program Files\Git\cmd;C:\Program Files\Docker\Docker\resources\bin;C:\Program Files\doxygen\bin;C:\Program Files\Microsoft SQL Server\170\DTS\Binn\;C:\Program Files (x86)\Microsoft SQL Server\170\Tools\Binn\;C:\Program Files\Microsoft SQL Server\170\Tools\Binn\;C:\Program Files\Microsoft SQL Server\Client SDK\ODBC\180\Tools\Binn\;C:\Program Files\GitHub CLI\;C:\Program Files\nodejs\;C:\Users\tortu\.local\bin;C:\Users\tortu\AppData\Local\Microsoft\WindowsApps;C:\Users\tortu\AppData\Local\Programs\Microsoft VS Code\bin;C:\Users\tortu\.deno\bin;C:\Users\tortu\AppData\Local\Python\bin;C:\Users\tortu\AppData\Roaming\npm
USERNAME=mp
OS=Windows_NT
PROCESSOR_IDENTIFIER=Intel64 Family 6 Model 186 Stepping 2, GenuineIntel
TMP=C:\Users\tortu\AppData\Local\Temp
TEMP=C:\Users\tortu\AppData\Local\Temp




Periodic native trim disabled

---------------  S Y S T E M  ---------------

OS:
 Windows 11 , 64 bit Build 26100 (10.0.26100.9168)
OS uptime: 16 days 23:43 hours
Hyper-V role detected

CPU: total 20 (initial active 20) (10 cores per cpu, 2 threads per core) family 6 model 186 stepping 2 microcode 0x4128, cx8, cmov, fxsr, ht, mmx, 3dnowpref, sse, sse2, sse3, ssse3, sse4.1, sse4.2, popcnt, lzcnt, tsc, tscinvbit, avx, avx2, aes, erms, clmul, bmi1, bmi2, adx, sha, fma, vzeroupper, clflush, clflushopt, clwb, hv, serialize, rdtscp, rdpid, fsrm, f16c, cet_ibt, cet_ss
Processor Information for processor 0
  Max Mhz: 2400, Current Mhz: 1520, Mhz Limit: 2400
Processor Information for processor 1
  Max Mhz: 2400, Current Mhz: 1520, Mhz Limit: 2400
Processor Information for processor 2
  Max Mhz: 2400, Current Mhz: 1520, Mhz Limit: 2400
Processor Information for processor 3
  Max Mhz: 2400, Current Mhz: 1520, Mhz Limit: 2400
Processor Information for processor 4
  Max Mhz: 2400, Current Mhz: 1520, Mhz Limit: 2400
Processor Information for processor 5
  Max Mhz: 2400, Current Mhz: 1520, Mhz Limit: 2400
Processor Information for processor 6
  Max Mhz: 2400, Current Mhz: 1520, Mhz Limit: 2400
Processor Information for processor 7
  Max Mhz: 2400, Current Mhz: 1520, Mhz Limit: 2400
Processor Information for processor 8
  Max Mhz: 2400, Current Mhz: 1520, Mhz Limit: 2400
Processor Information for processor 9
  Max Mhz: 2400, Current Mhz: 1520, Mhz Limit: 2400
Processor Information for processor 10
  Max Mhz: 2400, Current Mhz: 1520, Mhz Limit: 2400
Processor Information for processor 11
  Max Mhz: 2400, Current Mhz: 1520, Mhz Limit: 2400
Processor Information for processor 12
  Max Mhz: 2400, Current Mhz: 1466, Mhz Limit: 2400
Processor Information for processor 13
  Max Mhz: 2400, Current Mhz: 1466, Mhz Limit: 2400
Processor Information for processor 14
  Max Mhz: 2400, Current Mhz: 1466, Mhz Limit: 2400
Processor Information for processor 15
  Max Mhz: 2400, Current Mhz: 1466, Mhz Limit: 2400
Processor Information for processor 16
  Max Mhz: 2400, Current Mhz: 1466, Mhz Limit: 2400
Processor Information for processor 17
  Max Mhz: 2400, Current Mhz: 1466, Mhz Limit: 2400
Processor Information for processor 18
  Max Mhz: 2400, Current Mhz: 1466, Mhz Limit: 2400
Processor Information for processor 19
  Max Mhz: 2400, Current Mhz: 1466, Mhz Limit: 2400

Memory: 4k page, system-wide physical 14076M (352M free)
TotalPageFile size 42340M (AvailPageFile size 13M)
current process WorkingSet (physical memory assigned to process): 140M, peak: 140M
current process commit charge ("private bytes"): 296M, peak: 297M

vm_info: OpenJDK 64-Bit Server VM (21.0.12.1+1-LTS) for windows-amd64 JRE (21.0.12.1+1-LTS), built on 2026-08-18T00:00:00Z by "admin" with MS VC++ 17.12 (VS2022)

END.
